// Jest Snapshot v1, https://goo.gl/fbAQLP

exports[`Component 1`] = `
<div
  className="popUpConfirm"
>
  <p>
    Уверены ?
  </p>
  <a
    className="confirm"
    onClick={[Function]}
  >
    ✓
  </a>
  <a
    className="delit"
    onClick={[Function]}
  >
    ✖
  </a>
</div>
`;
