// Jest Snapshot v1, https://goo.gl/fbAQLP

exports[`IconSort 1`] = `
<div
  className="iconSort"
>
  <div>
    ▲
  </div>
  <div>
    ▼
  </div>
</div>
`;
